INFO:     Will watch for changes in these directories: ['D:\\ATS-automated-System\\ats_backend']
INFO:     Uvicorn running on http://127.0.0.1:8000 (Press CTRL+C to quit)
INFO:     Started reloader process [25864] using StatReload
Process SpawnProcess-1:
Traceback (most recent call last):
  File "C:\Program Files\MySQL\MySQL Workbench 8.0\python\Lib\multiprocessing\process.py", line 314, in _bootstrap
    self.run()
  File "C:\Program Files\MySQL\MySQL Workbench 8.0\python\Lib\multiprocessing\process.py", line 108, in run
    self._target(*self._args, **self._kwargs)
  File "D:\ATS-automated-System\ats_backend\.venv\Lib\site-packages\uvicorn\_subprocess.py", line 80, in subprocess_started
    target(sockets=sockets)
  File "D:\ATS-automated-System\ats_backend\.venv\Lib\site-packages\uvicorn\server.py", line 75, in run
    return asyncio_run(self.serve(sockets=sockets), loop_factory=self.config.get_loop_factory())
           ^^^^^^^^^^^^^^^^^^^^^^^^^^^^^^^^^^^^^^^^^^^^^^^^^^^^^^^^^^^^^^^^^^^^^^^^^^^^^^^^^^^^^
  File "C:\Program Files\MySQL\MySQL Workbench 8.0\python\Lib\asyncio\runners.py", line 195, in run
    return runner.run(main)
           ^^^^^^^^^^^^^^^^
  File "C:\Program Files\MySQL\MySQL Workbench 8.0\python\Lib\asyncio\runners.py", line 118, in run
    return self._loop.run_until_complete(task)
           ^^^^^^^^^^^^^^^^^^^^^^^^^^^^^^^^^^^
  File "C:\Program Files\MySQL\MySQL Workbench 8.0\python\Lib\asyncio\base_events.py", line 691, in run_until_complete
    return future.result()
           ^^^^^^^^^^^^^^^
  File "D:\ATS-automated-System\ats_backend\.venv\Lib\site-packages\uvicorn\server.py", line 79, in serve
    await self._serve(sockets)
  File "D:\ATS-automated-System\ats_backend\.venv\Lib\site-packages\uvicorn\server.py", line 86, in _serve
    config.load()
  File "D:\ATS-automated-System\ats_backend\.venv\Lib\site-packages\uvicorn\config.py", line 441, in load
    self.loaded_app = import_from_string(self.app)
                      ^^^^^^^^^^^^^^^^^^^^^^^^^^^^
  File "D:\ATS-automated-System\ats_backend\.venv\Lib\site-packages\uvicorn\importer.py", line 19, in import_from_string
    module = importlib.import_module(module_str)
             ^^^^^^^^^^^^^^^^^^^^^^^^^^^^^^^^^^^
  File "C:\Program Files\MySQL\MySQL Workbench 8.0\python\Lib\importlib\__init__.py", line 90, in import_module
    return _bootstrap._gcd_import(name[level:], package, level)
           ^^^^^^^^^^^^^^^^^^^^^^^^^^^^^^^^^^^^^^^^^^^^^^^^^^^^
  File "<frozen importlib._bootstrap>", line 1387, in _gcd_import
  File "<frozen importlib._bootstrap>", line 1360, in _find_and_load
  File "<frozen importlib._bootstrap>", line 1331, in _find_and_load_unlocked
  File "<frozen importlib._bootstrap>", line 935, in _load_unlocked
  File "<frozen importlib._bootstrap_external>", line 999, in exec_module
  File "<frozen importlib._bootstrap>", line 488, in _call_with_frames_removed
  File "D:\ATS-automated-System\ats_backend\main.py", line 67, in <module>
    from app.routes.auth import router as auth_router
  File "D:\ATS-automated-System\ats_backend\app\routes\auth.py", line 7, in <module>
    from app.db import SessionLocal
  File "D:\ATS-automated-System\ats_backend\app\db.py", line 56, in <module>
    raise Exception("Unsupported DB_TYPE")
Exception: Unsupported DB_TYPE
WARNING:  StatReload detected changes in 'app\db.py'. Reloading...
Process SpawnProcess-2:
Traceback (most recent call last):
  File "C:\Program Files\MySQL\MySQL Workbench 8.0\python\Lib\multiprocessing\process.py", line 314, in _bootstrap
    self.run()
  File "C:\Program Files\MySQL\MySQL Workbench 8.0\python\Lib\multiprocessing\process.py", line 108, in run
    self._target(*self._args, **self._kwargs)
  File "D:\ATS-automated-System\ats_backend\.venv\Lib\site-packages\uvicorn\_subprocess.py", line 80, in subprocess_started
    target(sockets=sockets)
  File "D:\ATS-automated-System\ats_backend\.venv\Lib\site-packages\uvicorn\server.py", line 75, in run
    return asyncio_run(self.serve(sockets=sockets), loop_factory=self.config.get_loop_factory())
           ^^^^^^^^^^^^^^^^^^^^^^^^^^^^^^^^^^^^^^^^^^^^^^^^^^^^^^^^^^^^^^^^^^^^^^^^^^^^^^^^^^^^^
  File "C:\Program Files\MySQL\MySQL Workbench 8.0\python\Lib\asyncio\runners.py", line 195, in run
    return runner.run(main)
           ^^^^^^^^^^^^^^^^
  File "C:\Program Files\MySQL\MySQL Workbench 8.0\python\Lib\asyncio\runners.py", line 118, in run
    return self._loop.run_until_complete(task)
           ^^^^^^^^^^^^^^^^^^^^^^^^^^^^^^^^^^^
  File "C:\Program Files\MySQL\MySQL Workbench 8.0\python\Lib\asyncio\base_events.py", line 691, in run_until_complete
    return future.result()
           ^^^^^^^^^^^^^^^
  File "D:\ATS-automated-System\ats_backend\.venv\Lib\site-packages\uvicorn\server.py", line 79, in serve
    await self._serve(sockets)
  File "D:\ATS-automated-System\ats_backend\.venv\Lib\site-packages\uvicorn\server.py", line 86, in _serve
    config.load()
  File "D:\ATS-automated-System\ats_backend\.venv\Lib\site-packages\uvicorn\config.py", line 441, in load
    self.loaded_app = import_from_string(self.app)
                      ^^^^^^^^^^^^^^^^^^^^^^^^^^^^
  File "D:\ATS-automated-System\ats_backend\.venv\Lib\site-packages\uvicorn\importer.py", line 19, in import_from_string
    module = importlib.import_module(module_str)
             ^^^^^^^^^^^^^^^^^^^^^^^^^^^^^^^^^^^
  File "C:\Program Files\MySQL\MySQL Workbench 8.0\python\Lib\importlib\__init__.py", line 90, in import_module
    return _bootstrap._gcd_import(name[level:], package, level)
           ^^^^^^^^^^^^^^^^^^^^^^^^^^^^^^^^^^^^^^^^^^^^^^^^^^^^
  File "<frozen importlib._bootstrap>", line 1387, in _gcd_import
  File "<frozen importlib._bootstrap>", line 1360, in _find_and_load
  File "<frozen importlib._bootstrap>", line 1331, in _find_and_load_unlocked
  File "<frozen importlib._bootstrap>", line 935, in _load_unlocked
  File "<frozen importlib._bootstrap_external>", line 999, in exec_module
  File "<frozen importlib._bootstrap>", line 488, in _call_with_frames_removed
  File "D:\ATS-automated-System\ats_backend\main.py", line 67, in <module>
    from app.routes.auth import router as auth_router
  File "D:\ATS-automated-System\ats_backend\app\routes\auth.py", line 9, in <module>
    from app.security import encrypt_data, decrypt_data, hash_password, verify_password
  File "D:\ATS-automated-System\ats_backend\app\security.py", line 2, in <module>
    from cryptography.fernet import Fernet
  File "D:\ATS-automated-System\ats_backend\.venv\Lib\site-packages\cryptography\fernet.py", line 15, in <module>
    from cryptography.exceptions import InvalidSignature
  File "D:\ATS-automated-System\ats_backend\.venv\Lib\site-packages\cryptography\exceptions.py", line 9, in <module>
    from cryptography.hazmat.bindings._rust import exceptions as rust_exceptions
ImportError: DLL load failed while importing _rust: The specified module could not be found.
WARNING:  StatReload detected changes in 'app\routes\auth.py'. Reloading...
Process SpawnProcess-3:
Traceback (most recent call last):
  File "C:\Program Files\MySQL\MySQL Workbench 8.0\python\Lib\multiprocessing\process.py", line 314, in _bootstrap
    self.run()
  File "C:\Program Files\MySQL\MySQL Workbench 8.0\python\Lib\multiprocessing\process.py", line 108, in run
    self._target(*self._args, **self._kwargs)
  File "D:\ATS-automated-System\ats_backend\.venv\Lib\site-packages\uvicorn\_subprocess.py", line 80, in subprocess_started
    target(sockets=sockets)
  File "D:\ATS-automated-System\ats_backend\.venv\Lib\site-packages\uvicorn\server.py", line 75, in run
    return asyncio_run(self.serve(sockets=sockets), loop_factory=self.config.get_loop_factory())
           ^^^^^^^^^^^^^^^^^^^^^^^^^^^^^^^^^^^^^^^^^^^^^^^^^^^^^^^^^^^^^^^^^^^^^^^^^^^^^^^^^^^^^
  File "C:\Program Files\MySQL\MySQL Workbench 8.0\python\Lib\asyncio\runners.py", line 195, in run
    return runner.run(main)
           ^^^^^^^^^^^^^^^^
  File "C:\Program Files\MySQL\MySQL Workbench 8.0\python\Lib\asyncio\runners.py", line 118, in run
    return self._loop.run_until_complete(task)
           ^^^^^^^^^^^^^^^^^^^^^^^^^^^^^^^^^^^
  File "C:\Program Files\MySQL\MySQL Workbench 8.0\python\Lib\asyncio\base_events.py", line 691, in run_until_complete
    return future.result()
           ^^^^^^^^^^^^^^^
  File "D:\ATS-automated-System\ats_backend\.venv\Lib\site-packages\uvicorn\server.py", line 79, in serve
    await self._serve(sockets)
  File "D:\ATS-automated-System\ats_backend\.venv\Lib\site-packages\uvicorn\server.py", line 86, in _serve
    config.load()
  File "D:\ATS-automated-System\ats_backend\.venv\Lib\site-packages\uvicorn\config.py", line 441, in load
    self.loaded_app = import_from_string(self.app)
                      ^^^^^^^^^^^^^^^^^^^^^^^^^^^^
  File "D:\ATS-automated-System\ats_backend\.venv\Lib\site-packages\uvicorn\importer.py", line 19, in import_from_string
    module = importlib.import_module(module_str)
             ^^^^^^^^^^^^^^^^^^^^^^^^^^^^^^^^^^^
  File "C:\Program Files\MySQL\MySQL Workbench 8.0\python\Lib\importlib\__init__.py", line 90, in import_module
    return _bootstrap._gcd_import(name[level:], package, level)
           ^^^^^^^^^^^^^^^^^^^^^^^^^^^^^^^^^^^^^^^^^^^^^^^^^^^^
  File "<frozen importlib._bootstrap>", line 1387, in _gcd_import
  File "<frozen importlib._bootstrap>", line 1360, in _find_and_load
  File "<frozen importlib._bootstrap>", line 1331, in _find_and_load_unlocked
  File "<frozen importlib._bootstrap>", line 935, in _load_unlocked
  File "<frozen importlib._bootstrap_external>", line 999, in exec_module
  File "<frozen importlib._bootstrap>", line 488, in _call_with_frames_removed
  File "D:\ATS-automated-System\ats_backend\main.py", line 67, in <module>
    from app.routes.auth import router as auth_router
  File "D:\ATS-automated-System\ats_backend\app\routes\auth.py", line 9, in <module>
    from app.security import encrypt_data, decrypt_data, hash_password, verify_password
  File "D:\ATS-automated-System\ats_backend\app\security.py", line 2, in <module>
    from cryptography.fernet import Fernet
  File "D:\ATS-automated-System\ats_backend\.venv\Lib\site-packages\cryptography\fernet.py", line 15, in <module>
    from cryptography.exceptions import InvalidSignature
  File "D:\ATS-automated-System\ats_backend\.venv\Lib\site-packages\cryptography\exceptions.py", line 9, in <module>
    from cryptography.hazmat.bindings._rust import exceptions as rust_exceptions
ImportError: DLL load failed while importing _rust: The specified module could not be found.
WARNING:  StatReload detected changes in 'app\models\models.py'. Reloading...
Process SpawnProcess-4:
Traceback (most recent call last):
  File "C:\Program Files\MySQL\MySQL Workbench 8.0\python\Lib\multiprocessing\process.py", line 314, in _bootstrap
    self.run()
  File "C:\Program Files\MySQL\MySQL Workbench 8.0\python\Lib\multiprocessing\process.py", line 108, in run
    self._target(*self._args, **self._kwargs)
  File "D:\ATS-automated-System\ats_backend\.venv\Lib\site-packages\uvicorn\_subprocess.py", line 80, in subprocess_started
    target(sockets=sockets)
  File "D:\ATS-automated-System\ats_backend\.venv\Lib\site-packages\uvicorn\server.py", line 75, in run
    return asyncio_run(self.serve(sockets=sockets), loop_factory=self.config.get_loop_factory())
           ^^^^^^^^^^^^^^^^^^^^^^^^^^^^^^^^^^^^^^^^^^^^^^^^^^^^^^^^^^^^^^^^^^^^^^^^^^^^^^^^^^^^^
  File "C:\Program Files\MySQL\MySQL Workbench 8.0\python\Lib\asyncio\runners.py", line 195, in run
    return runner.run(main)
           ^^^^^^^^^^^^^^^^
  File "C:\Program Files\MySQL\MySQL Workbench 8.0\python\Lib\asyncio\runners.py", line 118, in run
    return self._loop.run_until_complete(task)
           ^^^^^^^^^^^^^^^^^^^^^^^^^^^^^^^^^^^
  File "C:\Program Files\MySQL\MySQL Workbench 8.0\python\Lib\asyncio\base_events.py", line 691, in run_until_complete
    return future.result()
           ^^^^^^^^^^^^^^^
  File "D:\ATS-automated-System\ats_backend\.venv\Lib\site-packages\uvicorn\server.py", line 79, in serve
    await self._serve(sockets)
  File "D:\ATS-automated-System\ats_backend\.venv\Lib\site-packages\uvicorn\server.py", line 86, in _serve
    config.load()
  File "D:\ATS-automated-System\ats_backend\.venv\Lib\site-packages\uvicorn\config.py", line 441, in load
    self.loaded_app = import_from_string(self.app)
                      ^^^^^^^^^^^^^^^^^^^^^^^^^^^^
  File "D:\ATS-automated-System\ats_backend\.venv\Lib\site-packages\uvicorn\importer.py", line 19, in import_from_string
    module = importlib.import_module(module_str)
             ^^^^^^^^^^^^^^^^^^^^^^^^^^^^^^^^^^^
  File "C:\Program Files\MySQL\MySQL Workbench 8.0\python\Lib\importlib\__init__.py", line 90, in import_module
    return _bootstrap._gcd_import(name[level:], package, level)
           ^^^^^^^^^^^^^^^^^^^^^^^^^^^^^^^^^^^^^^^^^^^^^^^^^^^^
  File "<frozen importlib._bootstrap>", line 1387, in _gcd_import
  File "<frozen importlib._bootstrap>", line 1360, in _find_and_load
  File "<frozen importlib._bootstrap>", line 1331, in _find_and_load_unlocked
  File "<frozen importlib._bootstrap>", line 935, in _load_unlocked
  File "<frozen importlib._bootstrap_external>", line 999, in exec_module
  File "<frozen importlib._bootstrap>", line 488, in _call_with_frames_removed
  File "D:\ATS-automated-System\ats_backend\main.py", line 67, in <module>
    from app.routes.auth import router as auth_router
  File "D:\ATS-automated-System\ats_backend\app\routes\auth.py", line 9, in <module>
    from app.security import encrypt_data, decrypt_data, hash_password, verify_password
  File "D:\ATS-automated-System\ats_backend\app\security.py", line 2, in <module>
    from cryptography.fernet import Fernet
  File "D:\ATS-automated-System\ats_backend\.venv\Lib\site-packages\cryptography\fernet.py", line 15, in <module>
    from cryptography.exceptions import InvalidSignature
  File "D:\ATS-automated-System\ats_backend\.venv\Lib\site-packages\cryptography\exceptions.py", line 9, in <module>
    from cryptography.hazmat.bindings._rust import exceptions as rust_exceptions
ImportError: DLL load failed while importing _rust: The specified module could not be found.
WARNING:  StatReload detected changes in 'app\routes\auth.py'. Reloading...
Process SpawnProcess-5:
Traceback (most recent call last):
  File "C:\Program Files\MySQL\MySQL Workbench 8.0\python\Lib\multiprocessing\process.py", line 314, in _bootstrap
    self.run()
  File "C:\Program Files\MySQL\MySQL Workbench 8.0\python\Lib\multiprocessing\process.py", line 108, in run
    self._target(*self._args, **self._kwargs)
  File "D:\ATS-automated-System\ats_backend\.venv\Lib\site-packages\uvicorn\_subprocess.py", line 80, in subprocess_started
    target(sockets=sockets)
  File "D:\ATS-automated-System\ats_backend\.venv\Lib\site-packages\uvicorn\server.py", line 75, in run
    return asyncio_run(self.serve(sockets=sockets), loop_factory=self.config.get_loop_factory())
           ^^^^^^^^^^^^^^^^^^^^^^^^^^^^^^^^^^^^^^^^^^^^^^^^^^^^^^^^^^^^^^^^^^^^^^^^^^^^^^^^^^^^^
  File "C:\Program Files\MySQL\MySQL Workbench 8.0\python\Lib\asyncio\runners.py", line 195, in run
    return runner.run(main)
           ^^^^^^^^^^^^^^^^
  File "C:\Program Files\MySQL\MySQL Workbench 8.0\python\Lib\asyncio\runners.py", line 118, in run
    return self._loop.run_until_complete(task)
           ^^^^^^^^^^^^^^^^^^^^^^^^^^^^^^^^^^^
  File "C:\Program Files\MySQL\MySQL Workbench 8.0\python\Lib\asyncio\base_events.py", line 691, in run_until_complete
    return future.result()
           ^^^^^^^^^^^^^^^
  File "D:\ATS-automated-System\ats_backend\.venv\Lib\site-packages\uvicorn\server.py", line 79, in serve
    await self._serve(sockets)
  File "D:\ATS-automated-System\ats_backend\.venv\Lib\site-packages\uvicorn\server.py", line 86, in _serve
    config.load()
  File "D:\ATS-automated-System\ats_backend\.venv\Lib\site-packages\uvicorn\config.py", line 441, in load
    self.loaded_app = import_from_string(self.app)
                      ^^^^^^^^^^^^^^^^^^^^^^^^^^^^
  File "D:\ATS-automated-System\ats_backend\.venv\Lib\site-packages\uvicorn\importer.py", line 19, in import_from_string
    module = importlib.import_module(module_str)
             ^^^^^^^^^^^^^^^^^^^^^^^^^^^^^^^^^^^
  File "C:\Program Files\MySQL\MySQL Workbench 8.0\python\Lib\importlib\__init__.py", line 90, in import_module
    return _bootstrap._gcd_import(name[level:], package, level)
           ^^^^^^^^^^^^^^^^^^^^^^^^^^^^^^^^^^^^^^^^^^^^^^^^^^^^
  File "<frozen importlib._bootstrap>", line 1387, in _gcd_import
  File "<frozen importlib._bootstrap>", line 1360, in _find_and_load
  File "<frozen importlib._bootstrap>", line 1331, in _find_and_load_unlocked
  File "<frozen importlib._bootstrap>", line 935, in _load_unlocked
  File "<frozen importlib._bootstrap_external>", line 999, in exec_module
  File "<frozen importlib._bootstrap>", line 488, in _call_with_frames_removed
  File "D:\ATS-automated-System\ats_backend\main.py", line 67, in <module>
    from app.routes.auth import router as auth_router
  File "D:\ATS-automated-System\ats_backend\app\routes\auth.py", line 10, in <module>
    from app.security import encrypt_data, decrypt_data, hash_password, verify_password
  File "D:\ATS-automated-System\ats_backend\app\security.py", line 2, in <module>
    from cryptography.fernet import Fernet
  File "D:\ATS-automated-System\ats_backend\.venv\Lib\site-packages\cryptography\fernet.py", line 15, in <module>
    from cryptography.exceptions import InvalidSignature
  File "D:\ATS-automated-System\ats_backend\.venv\Lib\site-packages\cryptography\exceptions.py", line 9, in <module>
    from cryptography.hazmat.bindings._rust import exceptions as rust_exceptions
ImportError: DLL load failed while importing _rust: The specified module could not be found.
WARNING:  StatReload detected changes in 'app\routes\auth.py'. Reloading...
Process SpawnProcess-6:
Traceback (most recent call last):
  File "C:\Program Files\MySQL\MySQL Workbench 8.0\python\Lib\multiprocessing\process.py", line 314, in _bootstrap
    self.run()
  File "C:\Program Files\MySQL\MySQL Workbench 8.0\python\Lib\multiprocessing\process.py", line 108, in run
    self._target(*self._args, **self._kwargs)
  File "D:\ATS-automated-System\ats_backend\.venv\Lib\site-packages\uvicorn\_subprocess.py", line 80, in subprocess_started
    target(sockets=sockets)
  File "D:\ATS-automated-System\ats_backend\.venv\Lib\site-packages\uvicorn\server.py", line 75, in run
    return asyncio_run(self.serve(sockets=sockets), loop_factory=self.config.get_loop_factory())
           ^^^^^^^^^^^^^^^^^^^^^^^^^^^^^^^^^^^^^^^^^^^^^^^^^^^^^^^^^^^^^^^^^^^^^^^^^^^^^^^^^^^^^
  File "C:\Program Files\MySQL\MySQL Workbench 8.0\python\Lib\asyncio\runners.py", line 195, in run
    return runner.run(main)
           ^^^^^^^^^^^^^^^^
  File "C:\Program Files\MySQL\MySQL Workbench 8.0\python\Lib\asyncio\runners.py", line 118, in run
    return self._loop.run_until_complete(task)
           ^^^^^^^^^^^^^^^^^^^^^^^^^^^^^^^^^^^
  File "C:\Program Files\MySQL\MySQL Workbench 8.0\python\Lib\asyncio\base_events.py", line 691, in run_until_complete
    return future.result()
           ^^^^^^^^^^^^^^^
  File "D:\ATS-automated-System\ats_backend\.venv\Lib\site-packages\uvicorn\server.py", line 79, in serve
    await self._serve(sockets)
  File "D:\ATS-automated-System\ats_backend\.venv\Lib\site-packages\uvicorn\server.py", line 86, in _serve
    config.load()
  File "D:\ATS-automated-System\ats_backend\.venv\Lib\site-packages\uvicorn\config.py", line 441, in load
    self.loaded_app = import_from_string(self.app)
                      ^^^^^^^^^^^^^^^^^^^^^^^^^^^^
  File "D:\ATS-automated-System\ats_backend\.venv\Lib\site-packages\uvicorn\importer.py", line 19, in import_from_string
    module = importlib.import_module(module_str)
             ^^^^^^^^^^^^^^^^^^^^^^^^^^^^^^^^^^^
  File "C:\Program Files\MySQL\MySQL Workbench 8.0\python\Lib\importlib\__init__.py", line 90, in import_module
    return _bootstrap._gcd_import(name[level:], package, level)
           ^^^^^^^^^^^^^^^^^^^^^^^^^^^^^^^^^^^^^^^^^^^^^^^^^^^^
  File "<frozen importlib._bootstrap>", line 1387, in _gcd_import
  File "<frozen importlib._bootstrap>", line 1360, in _find_and_load
  File "<frozen importlib._bootstrap>", line 1331, in _find_and_load_unlocked
  File "<frozen importlib._bootstrap>", line 935, in _load_unlocked
  File "<frozen importlib._bootstrap_external>", line 999, in exec_module
  File "<frozen importlib._bootstrap>", line 488, in _call_with_frames_removed
  File "D:\ATS-automated-System\ats_backend\main.py", line 67, in <module>
    from app.routes.auth import router as auth_router
  File "D:\ATS-automated-System\ats_backend\app\routes\auth.py", line 10, in <module>
    from app.security import decrypt_data, hash_password, verify_password
  File "D:\ATS-automated-System\ats_backend\app\security.py", line 2, in <module>
    from cryptography.fernet import Fernet
  File "D:\ATS-automated-System\ats_backend\.venv\Lib\site-packages\cryptography\fernet.py", line 15, in <module>
    from cryptography.exceptions import InvalidSignature
  File "D:\ATS-automated-System\ats_backend\.venv\Lib\site-packages\cryptography\exceptions.py", line 9, in <module>
    from cryptography.hazmat.bindings._rust import exceptions as rust_exceptions
ImportError: DLL load failed while importing _rust: The specified module could not be found.
WARNING:  StatReload detected changes in 'app\routes\interviews.py'. Reloading...
Process SpawnProcess-7:
Traceback (most recent call last):
  File "C:\Program Files\MySQL\MySQL Workbench 8.0\python\Lib\multiprocessing\process.py", line 314, in _bootstrap
    self.run()
  File "C:\Program Files\MySQL\MySQL Workbench 8.0\python\Lib\multiprocessing\process.py", line 108, in run
    self._target(*self._args, **self._kwargs)
  File "D:\ATS-automated-System\ats_backend\.venv\Lib\site-packages\uvicorn\_subprocess.py", line 80, in subprocess_started
    target(sockets=sockets)
  File "D:\ATS-automated-System\ats_backend\.venv\Lib\site-packages\uvicorn\server.py", line 75, in run
    return asyncio_run(self.serve(sockets=sockets), loop_factory=self.config.get_loop_factory())
           ^^^^^^^^^^^^^^^^^^^^^^^^^^^^^^^^^^^^^^^^^^^^^^^^^^^^^^^^^^^^^^^^^^^^^^^^^^^^^^^^^^^^^
  File "C:\Program Files\MySQL\MySQL Workbench 8.0\python\Lib\asyncio\runners.py", line 195, in run
    return runner.run(main)
           ^^^^^^^^^^^^^^^^
  File "C:\Program Files\MySQL\MySQL Workbench 8.0\python\Lib\asyncio\runners.py", line 118, in run
    return self._loop.run_until_complete(task)
           ^^^^^^^^^^^^^^^^^^^^^^^^^^^^^^^^^^^
  File "C:\Program Files\MySQL\MySQL Workbench 8.0\python\Lib\asyncio\base_events.py", line 691, in run_until_complete
    return future.result()
           ^^^^^^^^^^^^^^^
  File "D:\ATS-automated-System\ats_backend\.venv\Lib\site-packages\uvicorn\server.py", line 79, in serve
    await self._serve(sockets)
  File "D:\ATS-automated-System\ats_backend\.venv\Lib\site-packages\uvicorn\server.py", line 86, in _serve
    config.load()
  File "D:\ATS-automated-System\ats_backend\.venv\Lib\site-packages\uvicorn\config.py", line 441, in load
    self.loaded_app = import_from_string(self.app)
                      ^^^^^^^^^^^^^^^^^^^^^^^^^^^^
  File "D:\ATS-automated-System\ats_backend\.venv\Lib\site-packages\uvicorn\importer.py", line 19, in import_from_string
    module = importlib.import_module(module_str)
             ^^^^^^^^^^^^^^^^^^^^^^^^^^^^^^^^^^^
  File "C:\Program Files\MySQL\MySQL Workbench 8.0\python\Lib\importlib\__init__.py", line 90, in import_module
    return _bootstrap._gcd_import(name[level:], package, level)
           ^^^^^^^^^^^^^^^^^^^^^^^^^^^^^^^^^^^^^^^^^^^^^^^^^^^^
  File "<frozen importlib._bootstrap>", line 1387, in _gcd_import
  File "<frozen importlib._bootstrap>", line 1360, in _find_and_load
  File "<frozen importlib._bootstrap>", line 1331, in _find_and_load_unlocked
  File "<frozen importlib._bootstrap>", line 935, in _load_unlocked
  File "<frozen importlib._bootstrap_external>", line 999, in exec_module
  File "<frozen importlib._bootstrap>", line 488, in _call_with_frames_removed
  File "D:\ATS-automated-System\ats_backend\main.py", line 67, in <module>
    from app.routes.auth import router as auth_router
  File "D:\ATS-automated-System\ats_backend\app\routes\auth.py", line 10, in <module>
    from app.security import decrypt_data, hash_password, verify_password
  File "D:\ATS-automated-System\ats_backend\app\security.py", line 2, in <module>
    from cryptography.fernet import Fernet
  File "D:\ATS-automated-System\ats_backend\.venv\Lib\site-packages\cryptography\fernet.py", line 15, in <module>
    from cryptography.exceptions import InvalidSignature
  File "D:\ATS-automated-System\ats_backend\.venv\Lib\site-packages\cryptography\exceptions.py", line 9, in <module>
    from cryptography.hazmat.bindings._rust import exceptions as rust_exceptions
ImportError: DLL load failed while importing _rust: The specified module could not be found.
WARNING:  StatReload detected changes in 'app\routes\interviews.py'. Reloading...
Process SpawnProcess-8:
Traceback (most recent call last):
  File "C:\Program Files\MySQL\MySQL Workbench 8.0\python\Lib\multiprocessing\process.py", line 314, in _bootstrap
    self.run()
  File "C:\Program Files\MySQL\MySQL Workbench 8.0\python\Lib\multiprocessing\process.py", line 108, in run
    self._target(*self._args, **self._kwargs)
  File "D:\ATS-automated-System\ats_backend\.venv\Lib\site-packages\uvicorn\_subprocess.py", line 80, in subprocess_started
    target(sockets=sockets)
  File "D:\ATS-automated-System\ats_backend\.venv\Lib\site-packages\uvicorn\server.py", line 75, in run
    return asyncio_run(self.serve(sockets=sockets), loop_factory=self.config.get_loop_factory())
           ^^^^^^^^^^^^^^^^^^^^^^^^^^^^^^^^^^^^^^^^^^^^^^^^^^^^^^^^^^^^^^^^^^^^^^^^^^^^^^^^^^^^^
  File "C:\Program Files\MySQL\MySQL Workbench 8.0\python\Lib\asyncio\runners.py", line 195, in run
    return runner.run(main)
           ^^^^^^^^^^^^^^^^
  File "C:\Program Files\MySQL\MySQL Workbench 8.0\python\Lib\asyncio\runners.py", line 118, in run
    return self._loop.run_until_complete(task)
           ^^^^^^^^^^^^^^^^^^^^^^^^^^^^^^^^^^^
  File "C:\Program Files\MySQL\MySQL Workbench 8.0\python\Lib\asyncio\base_events.py", line 691, in run_until_complete
    return future.result()
           ^^^^^^^^^^^^^^^
  File "D:\ATS-automated-System\ats_backend\.venv\Lib\site-packages\uvicorn\server.py", line 79, in serve
    await self._serve(sockets)
  File "D:\ATS-automated-System\ats_backend\.venv\Lib\site-packages\uvicorn\server.py", line 86, in _serve
    config.load()
  File "D:\ATS-automated-System\ats_backend\.venv\Lib\site-packages\uvicorn\config.py", line 441, in load
    self.loaded_app = import_from_string(self.app)
                      ^^^^^^^^^^^^^^^^^^^^^^^^^^^^
  File "D:\ATS-automated-System\ats_backend\.venv\Lib\site-packages\uvicorn\importer.py", line 19, in import_from_string
    module = importlib.import_module(module_str)
             ^^^^^^^^^^^^^^^^^^^^^^^^^^^^^^^^^^^
  File "C:\Program Files\MySQL\MySQL Workbench 8.0\python\Lib\importlib\__init__.py", line 90, in import_module
    return _bootstrap._gcd_import(name[level:], package, level)
           ^^^^^^^^^^^^^^^^^^^^^^^^^^^^^^^^^^^^^^^^^^^^^^^^^^^^
  File "<frozen importlib._bootstrap>", line 1387, in _gcd_import
  File "<frozen importlib._bootstrap>", line 1360, in _find_and_load
  File "<frozen importlib._bootstrap>", line 1331, in _find_and_load_unlocked
  File "<frozen importlib._bootstrap>", line 935, in _load_unlocked
  File "<frozen importlib._bootstrap_external>", line 999, in exec_module
  File "<frozen importlib._bootstrap>", line 488, in _call_with_frames_removed
  File "D:\ATS-automated-System\ats_backend\main.py", line 67, in <module>
    from app.routes.auth import router as auth_router
  File "D:\ATS-automated-System\ats_backend\app\routes\auth.py", line 10, in <module>
    from app.security import decrypt_data, hash_password, verify_password
  File "D:\ATS-automated-System\ats_backend\app\security.py", line 2, in <module>
    from cryptography.fernet import Fernet
  File "D:\ATS-automated-System\ats_backend\.venv\Lib\site-packages\cryptography\fernet.py", line 15, in <module>
    from cryptography.exceptions import InvalidSignature
  File "D:\ATS-automated-System\ats_backend\.venv\Lib\site-packages\cryptography\exceptions.py", line 9, in <module>
    from cryptography.hazmat.bindings._rust import exceptions as rust_exceptions
ImportError: DLL load failed while importing _rust: The specified module could not be found.
WARNING:  StatReload detected changes in 'app\routes\dashboard.py'. Reloading...
Process SpawnProcess-9:
Traceback (most recent call last):
  File "C:\Program Files\MySQL\MySQL Workbench 8.0\python\Lib\multiprocessing\process.py", line 314, in _bootstrap
    self.run()
  File "C:\Program Files\MySQL\MySQL Workbench 8.0\python\Lib\multiprocessing\process.py", line 108, in run
    self._target(*self._args, **self._kwargs)
  File "D:\ATS-automated-System\ats_backend\.venv\Lib\site-packages\uvicorn\_subprocess.py", line 80, in subprocess_started
    target(sockets=sockets)
  File "D:\ATS-automated-System\ats_backend\.venv\Lib\site-packages\uvicorn\server.py", line 75, in run
    return asyncio_run(self.serve(sockets=sockets), loop_factory=self.config.get_loop_factory())
           ^^^^^^^^^^^^^^^^^^^^^^^^^^^^^^^^^^^^^^^^^^^^^^^^^^^^^^^^^^^^^^^^^^^^^^^^^^^^^^^^^^^^^
  File "C:\Program Files\MySQL\MySQL Workbench 8.0\python\Lib\asyncio\runners.py", line 195, in run
    return runner.run(main)
           ^^^^^^^^^^^^^^^^
  File "C:\Program Files\MySQL\MySQL Workbench 8.0\python\Lib\asyncio\runners.py", line 118, in run
    return self._loop.run_until_complete(task)
           ^^^^^^^^^^^^^^^^^^^^^^^^^^^^^^^^^^^
  File "C:\Program Files\MySQL\MySQL Workbench 8.0\python\Lib\asyncio\base_events.py", line 691, in run_until_complete
    return future.result()
           ^^^^^^^^^^^^^^^
  File "D:\ATS-automated-System\ats_backend\.venv\Lib\site-packages\uvicorn\server.py", line 79, in serve
    await self._serve(sockets)
  File "D:\ATS-automated-System\ats_backend\.venv\Lib\site-packages\uvicorn\server.py", line 86, in _serve
    config.load()
  File "D:\ATS-automated-System\ats_backend\.venv\Lib\site-packages\uvicorn\config.py", line 441, in load
    self.loaded_app = import_from_string(self.app)
                      ^^^^^^^^^^^^^^^^^^^^^^^^^^^^
  File "D:\ATS-automated-System\ats_backend\.venv\Lib\site-packages\uvicorn\importer.py", line 19, in import_from_string
    module = importlib.import_module(module_str)
             ^^^^^^^^^^^^^^^^^^^^^^^^^^^^^^^^^^^
  File "C:\Program Files\MySQL\MySQL Workbench 8.0\python\Lib\importlib\__init__.py", line 90, in import_module
    return _bootstrap._gcd_import(name[level:], package, level)
           ^^^^^^^^^^^^^^^^^^^^^^^^^^^^^^^^^^^^^^^^^^^^^^^^^^^^
  File "<frozen importlib._bootstrap>", line 1387, in _gcd_import
  File "<frozen importlib._bootstrap>", line 1360, in _find_and_load
  File "<frozen importlib._bootstrap>", line 1331, in _find_and_load_unlocked
  File "<frozen importlib._bootstrap>", line 935, in _load_unlocked
  File "<frozen importlib._bootstrap_external>", line 999, in exec_module
  File "<frozen importlib._bootstrap>", line 488, in _call_with_frames_removed
  File "D:\ATS-automated-System\ats_backend\main.py", line 67, in <module>
    from app.routes.auth import router as auth_router
  File "D:\ATS-automated-System\ats_backend\app\routes\auth.py", line 10, in <module>
    from app.security import decrypt_data, hash_password, verify_password
  File "D:\ATS-automated-System\ats_backend\app\security.py", line 2, in <module>
    from cryptography.fernet import Fernet
  File "D:\ATS-automated-System\ats_backend\.venv\Lib\site-packages\cryptography\fernet.py", line 15, in <module>
    from cryptography.exceptions import InvalidSignature
  File "D:\ATS-automated-System\ats_backend\.venv\Lib\site-packages\cryptography\exceptions.py", line 9, in <module>
    from cryptography.hazmat.bindings._rust import exceptions as rust_exceptions
ImportError: DLL load failed while importing _rust: The specified module could not be found.
WARNING:  StatReload detected changes in 'app\routes\dashboard.py'. Reloading...
Process SpawnProcess-10:
Traceback (most recent call last):
  File "C:\Program Files\MySQL\MySQL Workbench 8.0\python\Lib\multiprocessing\process.py", line 314, in _bootstrap
    self.run()
  File "C:\Program Files\MySQL\MySQL Workbench 8.0\python\Lib\multiprocessing\process.py", line 108, in run
    self._target(*self._args, **self._kwargs)
  File "D:\ATS-automated-System\ats_backend\.venv\Lib\site-packages\uvicorn\_subprocess.py", line 80, in subprocess_started
    target(sockets=sockets)
  File "D:\ATS-automated-System\ats_backend\.venv\Lib\site-packages\uvicorn\server.py", line 75, in run
    return asyncio_run(self.serve(sockets=sockets), loop_factory=self.config.get_loop_factory())
           ^^^^^^^^^^^^^^^^^^^^^^^^^^^^^^^^^^^^^^^^^^^^^^^^^^^^^^^^^^^^^^^^^^^^^^^^^^^^^^^^^^^^^
  File "C:\Program Files\MySQL\MySQL Workbench 8.0\python\Lib\asyncio\runners.py", line 195, in run
    return runner.run(main)
           ^^^^^^^^^^^^^^^^
  File "C:\Program Files\MySQL\MySQL Workbench 8.0\python\Lib\asyncio\runners.py", line 118, in run
    return self._loop.run_until_complete(task)
           ^^^^^^^^^^^^^^^^^^^^^^^^^^^^^^^^^^^
  File "C:\Program Files\MySQL\MySQL Workbench 8.0\python\Lib\asyncio\base_events.py", line 691, in run_until_complete
    return future.result()
           ^^^^^^^^^^^^^^^
  File "D:\ATS-automated-System\ats_backend\.venv\Lib\site-packages\uvicorn\server.py", line 79, in serve
    await self._serve(sockets)
  File "D:\ATS-automated-System\ats_backend\.venv\Lib\site-packages\uvicorn\server.py", line 86, in _serve
    config.load()
  File "D:\ATS-automated-System\ats_backend\.venv\Lib\site-packages\uvicorn\config.py", line 441, in load
    self.loaded_app = import_from_string(self.app)
                      ^^^^^^^^^^^^^^^^^^^^^^^^^^^^
  File "D:\ATS-automated-System\ats_backend\.venv\Lib\site-packages\uvicorn\importer.py", line 19, in import_from_string
    module = importlib.import_module(module_str)
             ^^^^^^^^^^^^^^^^^^^^^^^^^^^^^^^^^^^
  File "C:\Program Files\MySQL\MySQL Workbench 8.0\python\Lib\importlib\__init__.py", line 90, in import_module
    return _bootstrap._gcd_import(name[level:], package, level)
           ^^^^^^^^^^^^^^^^^^^^^^^^^^^^^^^^^^^^^^^^^^^^^^^^^^^^
  File "<frozen importlib._bootstrap>", line 1387, in _gcd_import
  File "<frozen importlib._bootstrap>", line 1360, in _find_and_load
  File "<frozen importlib._bootstrap>", line 1331, in _find_and_load_unlocked
  File "<frozen importlib._bootstrap>", line 935, in _load_unlocked
  File "<frozen importlib._bootstrap_external>", line 999, in exec_module
  File "<frozen importlib._bootstrap>", line 488, in _call_with_frames_removed
  File "D:\ATS-automated-System\ats_backend\main.py", line 67, in <module>
    from app.routes.auth import router as auth_router
  File "D:\ATS-automated-System\ats_backend\app\routes\auth.py", line 10, in <module>
    from app.security import decrypt_data, hash_password, verify_password
  File "D:\ATS-automated-System\ats_backend\app\security.py", line 2, in <module>
    from cryptography.fernet import Fernet
  File "D:\ATS-automated-System\ats_backend\.venv\Lib\site-packages\cryptography\fernet.py", line 15, in <module>
    from cryptography.exceptions import InvalidSignature
  File "D:\ATS-automated-System\ats_backend\.venv\Lib\site-packages\cryptography\exceptions.py", line 9, in <module>
    from cryptography.hazmat.bindings._rust import exceptions as rust_exceptions
ImportError: DLL load failed while importing _rust: The specified module could not be found.
WARNING:  StatReload detected changes in 'app\models\models.py'. Reloading...
Process SpawnProcess-11:
Traceback (most recent call last):
  File "C:\Program Files\MySQL\MySQL Workbench 8.0\python\Lib\multiprocessing\process.py", line 314, in _bootstrap
    self.run()
  File "C:\Program Files\MySQL\MySQL Workbench 8.0\python\Lib\multiprocessing\process.py", line 108, in run
    self._target(*self._args, **self._kwargs)
  File "D:\ATS-automated-System\ats_backend\.venv\Lib\site-packages\uvicorn\_subprocess.py", line 80, in subprocess_started
    target(sockets=sockets)
  File "D:\ATS-automated-System\ats_backend\.venv\Lib\site-packages\uvicorn\server.py", line 75, in run
    return asyncio_run(self.serve(sockets=sockets), loop_factory=self.config.get_loop_factory())
           ^^^^^^^^^^^^^^^^^^^^^^^^^^^^^^^^^^^^^^^^^^^^^^^^^^^^^^^^^^^^^^^^^^^^^^^^^^^^^^^^^^^^^
  File "C:\Program Files\MySQL\MySQL Workbench 8.0\python\Lib\asyncio\runners.py", line 195, in run
    return runner.run(main)
           ^^^^^^^^^^^^^^^^
  File "C:\Program Files\MySQL\MySQL Workbench 8.0\python\Lib\asyncio\runners.py", line 118, in run
    return self._loop.run_until_complete(task)
           ^^^^^^^^^^^^^^^^^^^^^^^^^^^^^^^^^^^
  File "C:\Program Files\MySQL\MySQL Workbench 8.0\python\Lib\asyncio\base_events.py", line 691, in run_until_complete
    return future.result()
           ^^^^^^^^^^^^^^^
  File "D:\ATS-automated-System\ats_backend\.venv\Lib\site-packages\uvicorn\server.py", line 79, in serve
    await self._serve(sockets)
  File "D:\ATS-automated-System\ats_backend\.venv\Lib\site-packages\uvicorn\server.py", line 86, in _serve
    config.load()
  File "D:\ATS-automated-System\ats_backend\.venv\Lib\site-packages\uvicorn\config.py", line 441, in load
    self.loaded_app = import_from_string(self.app)
                      ^^^^^^^^^^^^^^^^^^^^^^^^^^^^
  File "D:\ATS-automated-System\ats_backend\.venv\Lib\site-packages\uvicorn\importer.py", line 19, in import_from_string
    module = importlib.import_module(module_str)
             ^^^^^^^^^^^^^^^^^^^^^^^^^^^^^^^^^^^
  File "C:\Program Files\MySQL\MySQL Workbench 8.0\python\Lib\importlib\__init__.py", line 90, in import_module
    return _bootstrap._gcd_import(name[level:], package, level)
           ^^^^^^^^^^^^^^^^^^^^^^^^^^^^^^^^^^^^^^^^^^^^^^^^^^^^
  File "<frozen importlib._bootstrap>", line 1387, in _gcd_import
  File "<frozen importlib._bootstrap>", line 1360, in _find_and_load
  File "<frozen importlib._bootstrap>", line 1331, in _find_and_load_unlocked
  File "<frozen importlib._bootstrap>", line 935, in _load_unlocked
  File "<frozen importlib._bootstrap_external>", line 999, in exec_module
  File "<frozen importlib._bootstrap>", line 488, in _call_with_frames_removed
  File "D:\ATS-automated-System\ats_backend\main.py", line 67, in <module>
    from app.routes.auth import router as auth_router
  File "D:\ATS-automated-System\ats_backend\app\routes\auth.py", line 10, in <module>
    from app.security import decrypt_data, hash_password, verify_password
  File "D:\ATS-automated-System\ats_backend\app\security.py", line 2, in <module>
    from cryptography.fernet import Fernet
  File "D:\ATS-automated-System\ats_backend\.venv\Lib\site-packages\cryptography\fernet.py", line 15, in <module>
    from cryptography.exceptions import InvalidSignature
  File "D:\ATS-automated-System\ats_backend\.venv\Lib\site-packages\cryptography\exceptions.py", line 9, in <module>
    from cryptography.hazmat.bindings._rust import exceptions as rust_exceptions
ImportError: DLL load failed while importing _rust: The specified module could not be found.
WARNING:  StatReload detected changes in 'installer.py'. Reloading...
Process SpawnProcess-12:
Traceback (most recent call last):
  File "C:\Program Files\MySQL\MySQL Workbench 8.0\python\Lib\multiprocessing\process.py", line 314, in _bootstrap
    self.run()
  File "C:\Program Files\MySQL\MySQL Workbench 8.0\python\Lib\multiprocessing\process.py", line 108, in run
    self._target(*self._args, **self._kwargs)
  File "D:\ATS-automated-System\ats_backend\.venv\Lib\site-packages\uvicorn\_subprocess.py", line 80, in subprocess_started
    target(sockets=sockets)
  File "D:\ATS-automated-System\ats_backend\.venv\Lib\site-packages\uvicorn\server.py", line 75, in run
    return asyncio_run(self.serve(sockets=sockets), loop_factory=self.config.get_loop_factory())
           ^^^^^^^^^^^^^^^^^^^^^^^^^^^^^^^^^^^^^^^^^^^^^^^^^^^^^^^^^^^^^^^^^^^^^^^^^^^^^^^^^^^^^
  File "C:\Program Files\MySQL\MySQL Workbench 8.0\python\Lib\asyncio\runners.py", line 195, in run
    return runner.run(main)
           ^^^^^^^^^^^^^^^^
  File "C:\Program Files\MySQL\MySQL Workbench 8.0\python\Lib\asyncio\runners.py", line 118, in run
    return self._loop.run_until_complete(task)
           ^^^^^^^^^^^^^^^^^^^^^^^^^^^^^^^^^^^
  File "C:\Program Files\MySQL\MySQL Workbench 8.0\python\Lib\asyncio\base_events.py", line 691, in run_until_complete
    return future.result()
           ^^^^^^^^^^^^^^^
  File "D:\ATS-automated-System\ats_backend\.venv\Lib\site-packages\uvicorn\server.py", line 79, in serve
    await self._serve(sockets)
  File "D:\ATS-automated-System\ats_backend\.venv\Lib\site-packages\uvicorn\server.py", line 86, in _serve
    config.load()
  File "D:\ATS-automated-System\ats_backend\.venv\Lib\site-packages\uvicorn\config.py", line 441, in load
    self.loaded_app = import_from_string(self.app)
                      ^^^^^^^^^^^^^^^^^^^^^^^^^^^^
  File "D:\ATS-automated-System\ats_backend\.venv\Lib\site-packages\uvicorn\importer.py", line 19, in import_from_string
    module = importlib.import_module(module_str)
             ^^^^^^^^^^^^^^^^^^^^^^^^^^^^^^^^^^^
  File "C:\Program Files\MySQL\MySQL Workbench 8.0\python\Lib\importlib\__init__.py", line 90, in import_module
    return _bootstrap._gcd_import(name[level:], package, level)
           ^^^^^^^^^^^^^^^^^^^^^^^^^^^^^^^^^^^^^^^^^^^^^^^^^^^^
  File "<frozen importlib._bootstrap>", line 1387, in _gcd_import
  File "<frozen importlib._bootstrap>", line 1360, in _find_and_load
  File "<frozen importlib._bootstrap>", line 1331, in _find_and_load_unlocked
  File "<frozen importlib._bootstrap>", line 935, in _load_unlocked
  File "<frozen importlib._bootstrap_external>", line 999, in exec_module
  File "<frozen importlib._bootstrap>", line 488, in _call_with_frames_removed
  File "D:\ATS-automated-System\ats_backend\main.py", line 67, in <module>
    from app.routes.auth import router as auth_router
  File "D:\ATS-automated-System\ats_backend\app\routes\auth.py", line 8, in <module>
    from app.db import SessionLocal
  File "D:\ATS-automated-System\ats_backend\app\db.py", line 38, in <module>
    DB_PASS = quote_plus(os.getenv("DB_PASS"))
              ^^^^^^^^^^^^^^^^^^^^^^^^^^^^^^^^
  File "C:\Program Files\MySQL\MySQL Workbench 8.0\python\Lib\urllib\parse.py", line 943, in quote_plus
    string = quote(string, safe + space, encoding, errors)
             ^^^^^^^^^^^^^^^^^^^^^^^^^^^^^^^^^^^^^^^^^^^^^
  File "C:\Program Files\MySQL\MySQL Workbench 8.0\python\Lib\urllib\parse.py", line 927, in quote
    return quote_from_bytes(string, safe)
           ^^^^^^^^^^^^^^^^^^^^^^^^^^^^^^
  File "C:\Program Files\MySQL\MySQL Workbench 8.0\python\Lib\urllib\parse.py", line 957, in quote_from_bytes
    raise TypeError("quote_from_bytes() expected bytes")
TypeError: quote_from_bytes() expected bytes
WARNING:  StatReload detected changes in 'app\models\models.py'. Reloading...
Process SpawnProcess-13:
Traceback (most recent call last):
  File "C:\Program Files\MySQL\MySQL Workbench 8.0\python\Lib\multiprocessing\process.py", line 314, in _bootstrap
    self.run()
  File "C:\Program Files\MySQL\MySQL Workbench 8.0\python\Lib\multiprocessing\process.py", line 108, in run
    self._target(*self._args, **self._kwargs)
  File "D:\ATS-automated-System\ats_backend\.venv\Lib\site-packages\uvicorn\_subprocess.py", line 80, in subprocess_started
    target(sockets=sockets)
  File "D:\ATS-automated-System\ats_backend\.venv\Lib\site-packages\uvicorn\server.py", line 75, in run
    return asyncio_run(self.serve(sockets=sockets), loop_factory=self.config.get_loop_factory())
           ^^^^^^^^^^^^^^^^^^^^^^^^^^^^^^^^^^^^^^^^^^^^^^^^^^^^^^^^^^^^^^^^^^^^^^^^^^^^^^^^^^^^^
  File "C:\Program Files\MySQL\MySQL Workbench 8.0\python\Lib\asyncio\runners.py", line 195, in run
    return runner.run(main)
           ^^^^^^^^^^^^^^^^
  File "C:\Program Files\MySQL\MySQL Workbench 8.0\python\Lib\asyncio\runners.py", line 118, in run
    return self._loop.run_until_complete(task)
           ^^^^^^^^^^^^^^^^^^^^^^^^^^^^^^^^^^^
  File "C:\Program Files\MySQL\MySQL Workbench 8.0\python\Lib\asyncio\base_events.py", line 691, in run_until_complete
    return future.result()
           ^^^^^^^^^^^^^^^
  File "D:\ATS-automated-System\ats_backend\.venv\Lib\site-packages\uvicorn\server.py", line 79, in serve
    await self._serve(sockets)
  File "D:\ATS-automated-System\ats_backend\.venv\Lib\site-packages\uvicorn\server.py", line 86, in _serve
    config.load()
  File "D:\ATS-automated-System\ats_backend\.venv\Lib\site-packages\uvicorn\config.py", line 441, in load
    self.loaded_app = import_from_string(self.app)
                      ^^^^^^^^^^^^^^^^^^^^^^^^^^^^
  File "D:\ATS-automated-System\ats_backend\.venv\Lib\site-packages\uvicorn\importer.py", line 19, in import_from_string
    module = importlib.import_module(module_str)
             ^^^^^^^^^^^^^^^^^^^^^^^^^^^^^^^^^^^
  File "C:\Program Files\MySQL\MySQL Workbench 8.0\python\Lib\importlib\__init__.py", line 90, in import_module
    return _bootstrap._gcd_import(name[level:], package, level)
           ^^^^^^^^^^^^^^^^^^^^^^^^^^^^^^^^^^^^^^^^^^^^^^^^^^^^
  File "<frozen importlib._bootstrap>", line 1387, in _gcd_import
  File "<frozen importlib._bootstrap>", line 1360, in _find_and_load
  File "<frozen importlib._bootstrap>", line 1331, in _find_and_load_unlocked
  File "<frozen importlib._bootstrap>", line 935, in _load_unlocked
  File "<frozen importlib._bootstrap_external>", line 999, in exec_module
  File "<frozen importlib._bootstrap>", line 488, in _call_with_frames_removed
  File "D:\ATS-automated-System\ats_backend\main.py", line 67, in <module>
    from app.routes.auth import router as auth_router
  File "D:\ATS-automated-System\ats_backend\app\routes\auth.py", line 8, in <module>
    from app.db import SessionLocal
  File "D:\ATS-automated-System\ats_backend\app\db.py", line 38, in <module>
    DB_PASS = quote_plus(os.getenv("DB_PASS"))
              ^^^^^^^^^^^^^^^^^^^^^^^^^^^^^^^^
  File "C:\Program Files\MySQL\MySQL Workbench 8.0\python\Lib\urllib\parse.py", line 943, in quote_plus
    string = quote(string, safe + space, encoding, errors)
             ^^^^^^^^^^^^^^^^^^^^^^^^^^^^^^^^^^^^^^^^^^^^^
  File "C:\Program Files\MySQL\MySQL Workbench 8.0\python\Lib\urllib\parse.py", line 927, in quote
    return quote_from_bytes(string, safe)
           ^^^^^^^^^^^^^^^^^^^^^^^^^^^^^^
  File "C:\Program Files\MySQL\MySQL Workbench 8.0\python\Lib\urllib\parse.py", line 957, in quote_from_bytes
    raise TypeError("quote_from_bytes() expected bytes")
TypeError: quote_from_bytes() expected bytes
WARNING:  StatReload detected changes in 'installer.py'. Reloading...
Process SpawnProcess-14:
Traceback (most recent call last):
  File "C:\Program Files\MySQL\MySQL Workbench 8.0\python\Lib\multiprocessing\process.py", line 314, in _bootstrap
    self.run()
  File "C:\Program Files\MySQL\MySQL Workbench 8.0\python\Lib\multiprocessing\process.py", line 108, in run
    self._target(*self._args, **self._kwargs)
  File "D:\ATS-automated-System\ats_backend\.venv\Lib\site-packages\uvicorn\_subprocess.py", line 80, in subprocess_started
    target(sockets=sockets)
  File "D:\ATS-automated-System\ats_backend\.venv\Lib\site-packages\uvicorn\server.py", line 75, in run
    return asyncio_run(self.serve(sockets=sockets), loop_factory=self.config.get_loop_factory())
           ^^^^^^^^^^^^^^^^^^^^^^^^^^^^^^^^^^^^^^^^^^^^^^^^^^^^^^^^^^^^^^^^^^^^^^^^^^^^^^^^^^^^^
  File "C:\Program Files\MySQL\MySQL Workbench 8.0\python\Lib\asyncio\runners.py", line 195, in run
    return runner.run(main)
           ^^^^^^^^^^^^^^^^
  File "C:\Program Files\MySQL\MySQL Workbench 8.0\python\Lib\asyncio\runners.py", line 118, in run
    return self._loop.run_until_complete(task)
           ^^^^^^^^^^^^^^^^^^^^^^^^^^^^^^^^^^^
  File "C:\Program Files\MySQL\MySQL Workbench 8.0\python\Lib\asyncio\base_events.py", line 691, in run_until_complete
    return future.result()
           ^^^^^^^^^^^^^^^
  File "D:\ATS-automated-System\ats_backend\.venv\Lib\site-packages\uvicorn\server.py", line 79, in serve
    await self._serve(sockets)
  File "D:\ATS-automated-System\ats_backend\.venv\Lib\site-packages\uvicorn\server.py", line 86, in _serve
    config.load()
  File "D:\ATS-automated-System\ats_backend\.venv\Lib\site-packages\uvicorn\config.py", line 441, in load
    self.loaded_app = import_from_string(self.app)
                      ^^^^^^^^^^^^^^^^^^^^^^^^^^^^
  File "D:\ATS-automated-System\ats_backend\.venv\Lib\site-packages\uvicorn\importer.py", line 19, in import_from_string
    module = importlib.import_module(module_str)
             ^^^^^^^^^^^^^^^^^^^^^^^^^^^^^^^^^^^
  File "C:\Program Files\MySQL\MySQL Workbench 8.0\python\Lib\importlib\__init__.py", line 90, in import_module
    return _bootstrap._gcd_import(name[level:], package, level)
           ^^^^^^^^^^^^^^^^^^^^^^^^^^^^^^^^^^^^^^^^^^^^^^^^^^^^
  File "<frozen importlib._bootstrap>", line 1387, in _gcd_import
  File "<frozen importlib._bootstrap>", line 1360, in _find_and_load
  File "<frozen importlib._bootstrap>", line 1331, in _find_and_load_unlocked
  File "<frozen importlib._bootstrap>", line 935, in _load_unlocked
  File "<frozen importlib._bootstrap_external>", line 999, in exec_module
  File "<frozen importlib._bootstrap>", line 488, in _call_with_frames_removed
  File "D:\ATS-automated-System\ats_backend\main.py", line 67, in <module>
    from app.routes.auth import router as auth_router
  File "D:\ATS-automated-System\ats_backend\app\routes\auth.py", line 8, in <module>
    from app.db import SessionLocal
  File "D:\ATS-automated-System\ats_backend\app\db.py", line 38, in <module>
    DB_PASS = quote_plus(os.getenv("DB_PASS"))
              ^^^^^^^^^^^^^^^^^^^^^^^^^^^^^^^^
  File "C:\Program Files\MySQL\MySQL Workbench 8.0\python\Lib\urllib\parse.py", line 943, in quote_plus
    string = quote(string, safe + space, encoding, errors)
             ^^^^^^^^^^^^^^^^^^^^^^^^^^^^^^^^^^^^^^^^^^^^^
  File "C:\Program Files\MySQL\MySQL Workbench 8.0\python\Lib\urllib\parse.py", line 927, in quote
    return quote_from_bytes(string, safe)
           ^^^^^^^^^^^^^^^^^^^^^^^^^^^^^^
  File "C:\Program Files\MySQL\MySQL Workbench 8.0\python\Lib\urllib\parse.py", line 957, in quote_from_bytes
    raise TypeError("quote_from_bytes() expected bytes")
TypeError: quote_from_bytes() expected bytes
nv\Lib\site-packages\pydantic\version.py", line 7, in <module>
    from pydantic_core import __version__ as __pydantic_core_version__
  File "D:\ATS-automated-System\ats_backend\venv\Lib\site-packages\pydantic_core\__init__.py", line 8, in <module>
    from ._pydantic_core import (
    ...<21 lines>...
    )
ModuleNotFoundError: No module named 'pydantic_core._pydantic_core'
WARNING:  StatReload detected changes in 'app\models\models.py'. Reloading...
Process SpawnProcess-12:
Traceback (most recent call last):
  File "C:\Program Files\MySQL\MySQL Shell 8.0\lib\Python3.13\Lib\multiprocessing\process.py", line 313, in _bootstrap
    self.run()
    ~~~~~~~~^^
  File "C:\Program Files\MySQL\MySQL Shell 8.0\lib\Python3.13\Lib\multiprocessing\process.py", line 108, in run
    self._target(*self._args, **self._kwargs)
    ~~~~~~~~~~~~^^^^^^^^^^^^^^^^^^^^^^^^^^^^^
  File "D:\ATS-automated-System\ats_backend\venv\Lib\site-packages\uvicorn\_subprocess.py", line 80, in subprocess_started
    target(sockets=sockets)
    ~~~~~~^^^^^^^^^^^^^^^^^
  File "D:\ATS-automated-System\ats_backend\venv\Lib\site-packages\uvicorn\server.py", line 75, in run
    return asyncio_run(self.serve(sockets=sockets), loop_factory=self.config.get_loop_factory())
  File "C:\Program Files\MySQL\MySQL Shell 8.0\lib\Python3.13\Lib\asyncio\runners.py", line 195, in run
    return runner.run(main)
           ~~~~~~~~~~^^^^^^
  File "C:\Program Files\MySQL\MySQL Shell 8.0\lib\Python3.13\Lib\asyncio\runners.py", line 118, in run
    return self._loop.run_until_complete(task)
           ~~~~~~~~~~~~~~~~~~~~~~~~~~~~~^^^^^^
  File "C:\Program Files\MySQL\MySQL Shell 8.0\lib\Python3.13\Lib\asyncio\base_events.py", line 725, in run_until_complete
    return future.result()
           ~~~~~~~~~~~~~^^
  File "D:\ATS-automated-System\ats_backend\venv\Lib\site-packages\uvicorn\server.py", line 79, in serve
    await self._serve(sockets)
  File "D:\ATS-automated-System\ats_backend\venv\Lib\site-packages\uvicorn\server.py", line 86, in _serve
    config.load()
    ~~~~~~~~~~~^^
  File "D:\ATS-automated-System\ats_backend\venv\Lib\site-packages\uvicorn\config.py", line 441, in load
    self.loaded_app = import_from_string(self.app)
                      ~~~~~~~~~~~~~~~~~~^^^^^^^^^^
  File "D:\ATS-automated-System\ats_backend\venv\Lib\site-packages\uvicorn\importer.py", line 22, in import_from_string
    raise exc from None
  File "D:\ATS-automated-System\ats_backend\venv\Lib\site-packages\uvicorn\importer.py", line 19, in import_from_string
    module = importlib.import_module(module_str)
  File "C:\Program Files\MySQL\MySQL Shell 8.0\lib\Python3.13\Lib\importlib\__init__.py", line 88, in import_module
    return _bootstrap._gcd_import(name[level:], package, level)
           ~~~~~~~~~~~~~~~~~~~~~~^^^^^^^^^^^^^^^^^^^^^^^^^^^^^^
  File "<frozen importlib._bootstrap>", line 1387, in _gcd_import
  File "<frozen importlib._bootstrap>", line 1360, in _find_and_load
  File "<frozen importlib._bootstrap>", line 1331, in _find_and_load_unlocked
  File "<frozen importlib._bootstrap>", line 935, in _load_unlocked
  File "<frozen importlib._bootstrap_external>", line 1023, in exec_module
  File "<frozen importlib._bootstrap>", line 488, in _call_with_frames_removed
  File "D:\ATS-automated-System\ats_backend\main.py", line 64, in <module>
    from fastapi import FastAPI
  File "D:\ATS-automated-System\ats_backend\venv\Lib\site-packages\fastapi\__init__.py", line 7, in <module>
    from .applications import FastAPI as FastAPI
  File "D:\ATS-automated-System\ats_backend\venv\Lib\site-packages\fastapi\applications.py", line 10, in <module>
    from fastapi import routing
  File "D:\ATS-automated-System\ats_backend\venv\Lib\site-packages\fastapi\routing.py", line 34, in <module>
    from fastapi import params
  File "D:\ATS-automated-System\ats_backend\venv\Lib\site-packages\fastapi\params.py", line 7, in <module>
    from fastapi.exceptions import FastAPIDeprecationWarning
  File "D:\ATS-automated-System\ats_backend\venv\Lib\site-packages\fastapi\exceptions.py", line 5, in <module>
    from pydantic import BaseModel, create_model
  File "D:\ATS-automated-System\ats_backend\venv\Lib\site-packages\pydantic\__init__.py", line 5, in <module>
    from ._migration import getattr_migration
  File "D:\ATS-automated-System\ats_backend\venv\Lib\site-packages\pydantic\_migration.py", line 4, in <module>
    from pydantic.warnings import PydanticDeprecatedSince20
  File "D:\ATS-automated-System\ats_backend\venv\Lib\site-packages\pydantic\warnings.py", line 5, in <module>
    from .version import version_short
  File "D:\ATS-automated-System\ats_backend\venv\Lib\site-packages\pydantic\version.py", line 7, in <module>
    from pydantic_core import __version__ as __pydantic_core_version__
  File "D:\ATS-automated-System\ats_backend\venv\Lib\site-packages\pydantic_core\__init__.py", line 8, in <module>
    from ._pydantic_core import (
    ...<21 lines>...
    )
ModuleNotFoundError: No module named 'pydantic_core._pydantic_core'
WARNING:  StatReload detected changes in 'installer.py'. Reloading...
Process SpawnProcess-13:
Traceback (most recent call last):
  File "C:\Program Files\MySQL\MySQL Shell 8.0\lib\Python3.13\Lib\multiprocessing\process.py", line 313, in _bootstrap
    self.run()
    ~~~~~~~~^^
  File "C:\Program Files\MySQL\MySQL Shell 8.0\lib\Python3.13\Lib\multiprocessing\process.py", line 108, in run
    self._target(*self._args, **self._kwargs)
    ~~~~~~~~~~~~^^^^^^^^^^^^^^^^^^^^^^^^^^^^^
  File "D:\ATS-automated-System\ats_backend\venv\Lib\site-packages\uvicorn\_subprocess.py", line 80, in subprocess_started
    target(sockets=sockets)
    ~~~~~~^^^^^^^^^^^^^^^^^
  File "D:\ATS-automated-System\ats_backend\venv\Lib\site-packages\uvicorn\server.py", line 75, in run
    return asyncio_run(self.serve(sockets=sockets), loop_factory=self.config.get_loop_factory())
  File "C:\Program Files\MySQL\MySQL Shell 8.0\lib\Python3.13\Lib\asyncio\runners.py", line 195, in run
    return runner.run(main)
           ~~~~~~~~~~^^^^^^
  File "C:\Program Files\MySQL\MySQL Shell 8.0\lib\Python3.13\Lib\asyncio\runners.py", line 118, in run
    return self._loop.run_until_complete(task)
           ~~~~~~~~~~~~~~~~~~~~~~~~~~~~~^^^^^^
  File "C:\Program Files\MySQL\MySQL Shell 8.0\lib\Python3.13\Lib\asyncio\base_events.py", line 725, in run_until_complete
    return future.result()
           ~~~~~~~~~~~~~^^
  File "D:\ATS-automated-System\ats_backend\venv\Lib\site-packages\uvicorn\server.py", line 79, in serve
    await self._serve(sockets)
  File "D:\ATS-automated-System\ats_backend\venv\Lib\site-packages\uvicorn\server.py", line 86, in _serve
    config.load()
    ~~~~~~~~~~~^^
  File "D:\ATS-automated-System\ats_backend\venv\Lib\site-packages\uvicorn\config.py", line 441, in load
    self.loaded_app = import_from_string(self.app)
                      ~~~~~~~~~~~~~~~~~~^^^^^^^^^^
  File "D:\ATS-automated-System\ats_backend\venv\Lib\site-packages\uvicorn\importer.py", line 22, in import_from_string
    raise exc from None
  File "D:\ATS-automated-System\ats_backend\venv\Lib\site-packages\uvicorn\importer.py", line 19, in import_from_string
    module = importlib.import_module(module_str)
  File "C:\Program Files\MySQL\MySQL Shell 8.0\lib\Python3.13\Lib\importlib\__init__.py", line 88, in import_module
    return _bootstrap._gcd_import(name[level:], package, level)
           ~~~~~~~~~~~~~~~~~~~~~~^^^^^^^^^^^^^^^^^^^^^^^^^^^^^^
  File "<frozen importlib._bootstrap>", line 1387, in _gcd_import
  File "<frozen importlib._bootstrap>", line 1360, in _find_and_load
  File "<frozen importlib._bootstrap>", line 1331, in _find_and_load_unlocked
  File "<frozen importlib._bootstrap>", line 935, in _load_unlocked
  File "<frozen importlib._bootstrap_external>", line 1023, in exec_module
  File "<frozen importlib._bootstrap>", line 488, in _call_with_frames_removed
  File "D:\ATS-automated-System\ats_backend\main.py", line 64, in <module>
    from fastapi import FastAPI
  File "D:\ATS-automated-System\ats_backend\venv\Lib\site-packages\fastapi\__init__.py", line 7, in <module>
    from .applications import FastAPI as FastAPI
  File "D:\ATS-automated-System\ats_backend\venv\Lib\site-packages\fastapi\applications.py", line 10, in <module>
    from fastapi import routing
  File "D:\ATS-automated-System\ats_backend\venv\Lib\site-packages\fastapi\routing.py", line 34, in <module>
    from fastapi import params
  File "D:\ATS-automated-System\ats_backend\venv\Lib\site-packages\fastapi\params.py", line 7, in <module>
    from fastapi.exceptions import FastAPIDeprecationWarning
  File "D:\ATS-automated-System\ats_backend\venv\Lib\site-packages\fastapi\exceptions.py", line 5, in <module>
    from pydantic import BaseModel, create_model
  File "D:\ATS-automated-System\ats_backend\venv\Lib\site-packages\pydantic\__init__.py", line 5, in <module>
    from ._migration import getattr_migration
  File "D:\ATS-automated-System\ats_backend\venv\Lib\site-packages\pydantic\_migration.py", line 4, in <module>
    from pydantic.warnings import PydanticDeprecatedSince20
  File "D:\ATS-automated-System\ats_backend\venv\Lib\site-packages\pydantic\warnings.py", line 5, in <module>
    from .version import version_short
  File "D:\ATS-automated-System\ats_backend\venv\Lib\site-packages\pydantic\version.py", line 7, in <module>
    from pydantic_core import __version__ as __pydantic_core_version__
  File "D:\ATS-automated-System\ats_backend\venv\Lib\site-packages\pydantic_core\__init__.py", line 8, in <module>
    from ._pydantic_core import (
    ...<21 lines>...
    )
ModuleNotFoundError: No module named 'pydantic_core._pydantic_core'
WARNING:  StatReload detected changes in 'app\models\models.py'. Reloading...
Process SpawnProcess-14:
Traceback (most recent call last):
  File "C:\Program Files\MySQL\MySQL Shell 8.0\lib\Python3.13\Lib\multiprocessing\process.py", line 313, in _bootstrap
    self.run()
    ~~~~~~~~^^
  File "C:\Program Files\MySQL\MySQL Shell 8.0\lib\Python3.13\Lib\multiprocessing\process.py", line 108, in run
    self._target(*self._args, **self._kwargs)
    ~~~~~~~~~~~~^^^^^^^^^^^^^^^^^^^^^^^^^^^^^
  File "D:\ATS-automated-System\ats_backend\venv\Lib\site-packages\uvicorn\_subprocess.py", line 80, in subprocess_started
    target(sockets=sockets)
    ~~~~~~^^^^^^^^^^^^^^^^^
  File "D:\ATS-automated-System\ats_backend\venv\Lib\site-packages\uvicorn\server.py", line 75, in run
    return asyncio_run(self.serve(sockets=sockets), loop_factory=self.config.get_loop_factory())
  File "C:\Program Files\MySQL\MySQL Shell 8.0\lib\Python3.13\Lib\asyncio\runners.py", line 195, in run
    return runner.run(main)
           ~~~~~~~~~~^^^^^^
  File "C:\Program Files\MySQL\MySQL Shell 8.0\lib\Python3.13\Lib\asyncio\runners.py", line 118, in run
    return self._loop.run_until_complete(task)
           ~~~~~~~~~~~~~~~~~~~~~~~~~~~~~^^^^^^
  File "C:\Program Files\MySQL\MySQL Shell 8.0\lib\Python3.13\Lib\asyncio\base_events.py", line 725, in run_until_complete
    return future.result()
           ~~~~~~~~~~~~~^^
  File "D:\ATS-automated-System\ats_backend\venv\Lib\site-packages\uvicorn\server.py", line 79, in serve
    await self._serve(sockets)
  File "D:\ATS-automated-System\ats_backend\venv\Lib\site-packages\uvicorn\server.py", line 86, in _serve
    config.load()
    ~~~~~~~~~~~^^
  File "D:\ATS-automated-System\ats_backend\venv\Lib\site-packages\uvicorn\config.py", line 441, in load
    self.loaded_app = import_from_string(self.app)
                      ~~~~~~~~~~~~~~~~~~^^^^^^^^^^
  File "D:\ATS-automated-System\ats_backend\venv\Lib\site-packages\uvicorn\importer.py", line 22, in import_from_string
    raise exc from None
  File "D:\ATS-automated-System\ats_backend\venv\Lib\site-packages\uvicorn\importer.py", line 19, in import_from_string
    module = importlib.import_module(module_str)
  File "C:\Program Files\MySQL\MySQL Shell 8.0\lib\Python3.13\Lib\importlib\__init__.py", line 88, in import_module
    return _bootstrap._gcd_import(name[level:], package, level)
           ~~~~~~~~~~~~~~~~~~~~~~^^^^^^^^^^^^^^^^^^^^^^^^^^^^^^
  File "<frozen importlib._bootstrap>", line 1387, in _gcd_import
  File "<frozen importlib._bootstrap>", line 1360, in _find_and_load
  File "<frozen importlib._bootstrap>", line 1331, in _find_and_load_unlocked
  File "<frozen importlib._bootstrap>", line 935, in _load_unlocked
  File "<frozen importlib._bootstrap_external>", line 1023, in exec_module
  File "<frozen importlib._bootstrap>", line 488, in _call_with_frames_removed
  File "D:\ATS-automated-System\ats_backend\main.py", line 64, in <module>
    from fastapi import FastAPI
  File "D:\ATS-automated-System\ats_backend\venv\Lib\site-packages\fastapi\__init__.py", line 7, in <module>
    from .applications import FastAPI as FastAPI
  File "D:\ATS-automated-System\ats_backend\venv\Lib\site-packages\fastapi\applications.py", line 10, in <module>
    from fastapi import routing
  File "D:\ATS-automated-System\ats_backend\venv\Lib\site-packages\fastapi\routing.py", line 34, in <module>
    from fastapi import params
  File "D:\ATS-automated-System\ats_backend\venv\Lib\site-packages\fastapi\params.py", line 7, in <module>
    from fastapi.exceptions import FastAPIDeprecationWarning
  File "D:\ATS-automated-System\ats_backend\venv\Lib\site-packages\fastapi\exceptions.py", line 5, in <module>
    from pydantic import BaseModel, create_model
  File "D:\ATS-automated-System\ats_backend\venv\Lib\site-packages\pydantic\__init__.py", line 5, in <module>
    from ._migration import getattr_migration
  File "D:\ATS-automated-System\ats_backend\venv\Lib\site-packages\pydantic\_migration.py", line 4, in <module>
    from pydantic.warnings import PydanticDeprecatedSince20
  File "D:\ATS-automated-System\ats_backend\venv\Lib\site-packages\pydantic\warnings.py", line 5, in <module>
    from .version import version_short
  File "D:\ATS-automated-System\ats_backend\venv\Lib\site-packages\pydantic\version.py", line 7, in <module>
    from pydantic_core import __version__ as __pydantic_core_version__
  File "D:\ATS-automated-System\ats_backend\venv\Lib\site-packages\pydantic_core\__init__.py", line 8, in <module>
    from ._pydantic_core import (
    ...<21 lines>...
    )
ModuleNotFoundError: No module named 'pydantic_core._pydantic_core'
WARNING:  StatReload detected changes in 'installer.py'. Reloading...
Process SpawnProcess-15:
Traceback (most recent call last):
  File "C:\Program Files\MySQL\MySQL Shell 8.0\lib\Python3.13\Lib\multiprocessing\process.py", line 313, in _bootstrap
    self.run()
    ~~~~~~~~^^
  File "C:\Program Files\MySQL\MySQL Shell 8.0\lib\Python3.13\Lib\multiprocessing\process.py", line 108, in run
    self._target(*self._args, **self._kwargs)
    ~~~~~~~~~~~~^^^^^^^^^^^^^^^^^^^^^^^^^^^^^
  File "D:\ATS-automated-System\ats_backend\venv\Lib\site-packages\uvicorn\_subprocess.py", line 80, in subprocess_started
    target(sockets=sockets)
    ~~~~~~^^^^^^^^^^^^^^^^^
  File "D:\ATS-automated-System\ats_backend\venv\Lib\site-packages\uvicorn\server.py", line 75, in run
    return asyncio_run(self.serve(sockets=sockets), loop_factory=self.config.get_loop_factory())
  File "C:\Program Files\MySQL\MySQL Shell 8.0\lib\Python3.13\Lib\asyncio\runners.py", line 195, in run
    return runner.run(main)
           ~~~~~~~~~~^^^^^^
  File "C:\Program Files\MySQL\MySQL Shell 8.0\lib\Python3.13\Lib\asyncio\runners.py", line 118, in run
    return self._loop.run_until_complete(task)
           ~~~~~~~~~~~~~~~~~~~~~~~~~~~~~^^^^^^
  File "C:\Program Files\MySQL\MySQL Shell 8.0\lib\Python3.13\Lib\asyncio\base_events.py", line 725, in run_until_complete
    return future.result()
           ~~~~~~~~~~~~~^^
  File "D:\ATS-automated-System\ats_backend\venv\Lib\site-packages\uvicorn\server.py", line 79, in serve
    await self._serve(sockets)
  File "D:\ATS-automated-System\ats_backend\venv\Lib\site-packages\uvicorn\server.py", line 86, in _serve
    config.load()
    ~~~~~~~~~~~^^
  File "D:\ATS-automated-System\ats_backend\venv\Lib\site-packages\uvicorn\config.py", line 441, in load
    self.loaded_app = import_from_string(self.app)
                      ~~~~~~~~~~~~~~~~~~^^^^^^^^^^
  File "D:\ATS-automated-System\ats_backend\venv\Lib\site-packages\uvicorn\importer.py", line 22, in import_from_string
    raise exc from None
  File "D:\ATS-automated-System\ats_backend\venv\Lib\site-packages\uvicorn\importer.py", line 19, in import_from_string
    module = importlib.import_module(module_str)
  File "C:\Program Files\MySQL\MySQL Shell 8.0\lib\Python3.13\Lib\importlib\__init__.py", line 88, in import_module
    return _bootstrap._gcd_import(name[level:], package, level)
           ~~~~~~~~~~~~~~~~~~~~~~^^^^^^^^^^^^^^^^^^^^^^^^^^^^^^
  File "<frozen importlib._bootstrap>", line 1387, in _gcd_import
  File "<frozen importlib._bootstrap>", line 1360, in _find_and_load
  File "<frozen importlib._bootstrap>", line 1331, in _find_and_load_unlocked
  File "<frozen importlib._bootstrap>", line 935, in _load_unlocked
  File "<frozen importlib._bootstrap_external>", line 1023, in exec_module
  File "<frozen importlib._bootstrap>", line 488, in _call_with_frames_removed
  File "D:\ATS-automated-System\ats_backend\main.py", line 64, in <module>
    from fastapi import FastAPI
  File "D:\ATS-automated-System\ats_backend\venv\Lib\site-packages\fastapi\__init__.py", line 7, in <module>
    from .applications import FastAPI as FastAPI
  File "D:\ATS-automated-System\ats_backend\venv\Lib\site-packages\fastapi\applications.py", line 10, in <module>
    from fastapi import routing
  File "D:\ATS-automated-System\ats_backend\venv\Lib\site-packages\fastapi\routing.py", line 34, in <module>
    from fastapi import params
  File "D:\ATS-automated-System\ats_backend\venv\Lib\site-packages\fastapi\params.py", line 7, in <module>
    from fastapi.exceptions import FastAPIDeprecationWarning
  File "D:\ATS-automated-System\ats_backend\venv\Lib\site-packages\fastapi\exceptions.py", line 5, in <module>
    from pydantic import BaseModel, create_model
  File "D:\ATS-automated-System\ats_backend\venv\Lib\site-packages\pydantic\__init__.py", line 5, in <module>
    from ._migration import getattr_migration
  File "D:\ATS-automated-System\ats_backend\venv\Lib\site-packages\pydantic\_migration.py", line 4, in <module>
    from pydantic.warnings import PydanticDeprecatedSince20
  File "D:\ATS-automated-System\ats_backend\venv\Lib\site-packages\pydantic\warnings.py", line 5, in <module>
    from .version import version_short
  File "D:\ATS-automated-System\ats_backend\venv\Lib\site-packages\pydantic\version.py", line 7, in <module>
    from pydantic_core import __version__ as __pydantic_core_version__
  File "D:\ATS-automated-System\ats_backend\venv\Lib\site-packages\pydantic_core\__init__.py", line 8, in <module>
    from ._pydantic_core import (
    ...<21 lines>...
    )
ModuleNotFoundError: No module named 'pydantic_core._pydantic_core'
